2026-08-09T18:55:47.841-04:00 NOTICE [metrics] metric=prepare-target duration_us=44677 verified=1 stage=activate
2026-08-09T18:55:47.844-04:00 NOTICE [metrics] metric=hid-to-down duration_us=49107
2026-08-09T18:55:47.854-04:00 NOTICE [metrics] metric=tap-complete duration_us=10868
2026-08-09T18:55:47.878-04:00 NOTICE [metrics] metric=focus-restore duration_us=17840 verified=1 stage=attr-set
2026-08-09T18:55:48.494-04:00 NOTICE [metrics] metric=prepare-target duration_us=1934 verified=1 stage=fast-path
2026-08-09T18:55:48.500-04:00 NOTICE [metrics] metric=hid-to-down duration_us=8310
2026-08-09T18:55:48.569-04:00 NOTICE [metrics] metric=tap-complete duration_us=10979
2026-08-09T18:55:48.577-04:00 NOTICE [metrics] metric=focus-restore duration_us=863 verified=1 stage=fast-path
2026-08-09T18:55:49.524-04:00 NOTICE [metrics] metric=prepare-target duration_us=1737 verified=1 stage=fast-path
2026-08-09T18:55:49.530-04:00 NOTICE [metrics] metric=hid-to-down duration_us=8773
2026-08-09T18:55:49.585-04:00 NOTICE [metrics] metric=tap-complete duration_us=78
2026-08-09T18:55:49.593-04:00 NOTICE [metrics] metric=focus-restore duration_us=1175 verified=1 stage=fast-path
2026-08-09T18:55:50.188-04:00 NOTICE [metrics] metric=prepare-target duration_us=3092 verified=1 stage=fast-path
2026-08-09T18:55:50.194-04:00 NOTICE [metrics] metric=hid-to-down duration_us=9284
2026-08-09T18:55:50.282-04:00 NOTICE [metrics] metric=tap-complete duration_us=70
2026-08-09T18:55:50.290-04:00 NOTICE [metrics] metric=focus-restore duration_us=624 verified=1 stage=fast-path
2026-08-09T18:55:51.052-04:00 NOTICE [metrics] metric=prepare-target duration_us=3594 verified=1 stage=fast-path
2026-08-09T18:55:51.058-04:00 NOTICE [metrics] metric=hid-to-down duration_us=11713
2026-08-09T18:55:51.162-04:00 NOTICE [metrics] metric=tap-complete duration_us=112
2026-08-09T18:55:51.170-04:00 NOTICE [metrics] metric=focus-restore duration_us=859 verified=1 stage=fast-path
2026-08-09T18:55:51.698-04:00 NOTICE [metrics] metric=prepare-target duration_us=3312 verified=1 stage=fast-path
2026-08-09T18:55:51.704-04:00 NOTICE [metrics] metric=hid-to-down duration_us=10418
2026-08-09T18:55:51.788-04:00 NOTICE [metrics] metric=tap-complete duration_us=10656
2026-08-09T18:55:51.796-04:00 NOTICE [metrics] metric=focus-restore duration_us=779 verified=1 stage=fast-path
2026-08-09T18:55:52.327-04:00 NOTICE [metrics] metric=prepare-target duration_us=2243 verified=1 stage=fast-path
2026-08-09T18:55:52.334-04:00 NOTICE [metrics] metric=hid-to-down duration_us=9348
2026-08-09T18:55:52.417-04:00 NOTICE [metrics] metric=tap-complete duration_us=10979
2026-08-09T18:55:52.426-04:00 NOTICE [metrics] metric=focus-restore duration_us=1037 verified=1 stage=fast-path
2026-08-09T18:55:52.974-04:00 NOTICE [metrics] metric=prepare-target duration_us=1743 verified=1 stage=fast-path
2026-08-09T18:55:52.980-04:00 NOTICE [metrics] metric=hid-to-down duration_us=8743
2026-08-09T18:55:53.150-04:00 NOTICE [metrics] metric=tap-complete duration_us=12123
2026-08-09T18:55:53.159-04:00 NOTICE [metrics] metric=focus-restore duration_us=1818 verified=1 stage=fast-path
2026-08-09T18:55:53.755-04:00 NOTICE [metrics] metric=prepare-target duration_us=2037 verified=1 stage=fast-path
2026-08-09T18:55:53.761-04:00 NOTICE [metrics] metric=hid-to-down duration_us=8956
2026-08-09T18:55:53.829-04:00 NOTICE [metrics] metric=tap-complete duration_us=10438
2026-08-09T18:55:53.837-04:00 NOTICE [metrics] metric=focus-restore duration_us=1336 verified=1 stage=fast-path
2026-08-09T18:55:54.085-04:00 NOTICE [metrics] metric=prepare-target duration_us=1519 verified=1 stage=fast-path
2026-08-09T18:55:54.091-04:00 NOTICE [metrics] metric=hid-to-down duration_us=7983
2026-08-09T18:55:54.143-04:00 NOTICE [metrics] metric=tap-complete duration_us=10699
2026-08-09T18:55:54.154-04:00 NOTICE [metrics] metric=focus-restore duration_us=2303 verified=1 stage=fast-path
2026-08-09T18:55:54.484-04:00 NOTICE [metrics] metric=prepare-target duration_us=1578 verified=1 stage=fast-path
2026-08-09T18:55:54.490-04:00 NOTICE [metrics] metric=hid-to-down duration_us=8645
2026-08-09T18:55:54.542-04:00 NOTICE [metrics] metric=tap-complete duration_us=12008
2026-08-09T18:55:54.550-04:00 NOTICE [metrics] metric=focus-restore duration_us=1186 verified=1 stage=fast-path
2026-08-09T18:55:55.116-04:00 NOTICE [metrics] metric=prepare-target duration_us=2153 verified=1 stage=fast-path
2026-08-09T18:55:55.122-04:00 NOTICE [metrics] metric=hid-to-down duration_us=9539
2026-08-09T18:55:55.725-04:00 NOTICE [metrics] metric=tap-complete duration_us=55
2026-08-09T18:55:55.733-04:00 NOTICE [metrics] metric=focus-restore duration_us=770 verified=1 stage=fast-path
2026-08-09T18:55:55.979-04:00 NOTICE [metrics] metric=prepare-target duration_us=2647 verified=1 stage=fast-path
2026-08-09T18:55:55.985-04:00 NOTICE [metrics] metric=hid-to-down duration_us=10284
2026-08-09T18:55:56.587-04:00 NOTICE [metrics] metric=tap-complete duration_us=69
2026-08-09T18:55:56.595-04:00 NOTICE [metrics] metric=focus-restore duration_us=1079 verified=1 stage=fast-path
2026-08-09T18:55:56.824-04:00 NOTICE [metrics] metric=prepare-target duration_us=2760 verified=1 stage=fast-path
2026-08-09T18:55:56.831-04:00 NOTICE [metrics] metric=hid-to-down duration_us=10318
2026-08-09T18:55:57.284-04:00 NOTICE [metrics] metric=tap-complete duration_us=53
2026-08-09T18:55:57.291-04:00 NOTICE [metrics] metric=focus-restore duration_us=350 verified=1 stage=fast-path
2026-08-09T18:55:57.573-04:00 NOTICE [metrics] metric=prepare-target duration_us=3180 verified=1 stage=fast-path
2026-08-09T18:55:57.579-04:00 NOTICE [metrics] metric=hid-to-down duration_us=10270
2026-08-09T18:55:57.627-04:00 NOTICE [metrics] metric=tap-complete duration_us=11224
2026-08-09T18:55:57.636-04:00 NOTICE [metrics] metric=focus-restore duration_us=1223 verified=1 stage=fast-path
2026-08-09T18:55:58.202-04:00 NOTICE [metrics] metric=prepare-target duration_us=2499 verified=1 stage=fast-path
2026-08-09T18:55:58.209-04:00 NOTICE [metrics] metric=hid-to-down duration_us=10549
2026-08-09T18:55:58.247-04:00 NOTICE [metrics] metric=tap-complete duration_us=102
2026-08-09T18:55:58.256-04:00 NOTICE [metrics] metric=focus-restore duration_us=1533 verified=1 stage=fast-path
2026-08-09T18:55:58.884-04:00 NOTICE [metrics] metric=prepare-target duration_us=4170 verified=1 stage=fast-path
2026-08-09T18:55:58.890-04:00 NOTICE [metrics] metric=hid-to-down duration_us=11528
2026-08-09T18:55:58.939-04:00 NOTICE [metrics] metric=tap-complete duration_us=12225
2026-08-09T18:55:58.947-04:00 NOTICE [metrics] metric=focus-restore duration_us=832 verified=1 stage=fast-path
2026-08-09T18:55:59.265-04:00 NOTICE [metrics] metric=prepare-target duration_us=4733 verified=1 stage=fast-path
2026-08-09T18:55:59.272-04:00 NOTICE [metrics] metric=hid-to-down duration_us=12246
2026-08-09T18:55:59.320-04:00 NOTICE [metrics] metric=tap-complete duration_us=10607
2026-08-09T18:55:59.327-04:00 NOTICE [metrics] metric=focus-restore duration_us=908 verified=1 stage=fast-path
2026-08-09T18:55:59.628-04:00 NOTICE [metrics] metric=prepare-target duration_us=2487 verified=1 stage=fast-path
2026-08-09T18:55:59.634-04:00 NOTICE [metrics] metric=hid-to-down duration_us=10074
2026-08-09T18:55:59.675-04:00 NOTICE [metrics] metric=tap-complete duration_us=72
2026-08-09T18:55:59.683-04:00 NOTICE [metrics] metric=focus-restore duration_us=714 verified=1 stage=fast-path
2026-08-09T18:55:59.943-04:00 NOTICE [metrics] metric=prepare-target duration_us=1766 verified=1 stage=fast-path
2026-08-09T18:55:59.949-04:00 NOTICE [metrics] metric=hid-to-down duration_us=8670
2026-08-09T18:56:00.033-04:00 NOTICE [metrics] metric=tap-complete duration_us=11079
2026-08-09T18:56:00.041-04:00 NOTICE [metrics] metric=focus-restore duration_us=445 verified=1 stage=fast-path
2026-08-09T18:56:00.227-04:00 NOTICE [metrics] metric=prepare-target duration_us=2619 verified=1 stage=fast-path
2026-08-09T18:56:00.233-04:00 NOTICE [metrics] metric=hid-to-down duration_us=9202
2026-08-09T18:56:00.271-04:00 NOTICE [metrics] metric=tap-complete duration_us=80
2026-08-09T18:56:00.278-04:00 NOTICE [metrics] metric=focus-restore duration_us=562 verified=1 stage=fast-path
2026-08-09T18:56:00.994-04:00 NOTICE [metrics] metric=prepare-target duration_us=6353 verified=1 stage=fast-path
2026-08-09T18:56:01.001-04:00 NOTICE [metrics] metric=hid-to-down duration_us=14678
2026-08-09T18:56:01.014-04:00 NOTICE [metrics] metric=tap-complete duration_us=12147
2026-08-09T18:56:01.020-04:00 NOTICE [metrics] metric=focus-restore duration_us=476 verified=1 stage=fast-path
2026-08-09T18:56:01.322-04:00 NOTICE [metrics] metric=prepare-target duration_us=2850 verified=1 stage=fast-path
2026-08-09T18:56:01.328-04:00 NOTICE [metrics] metric=hid-to-down duration_us=10458
2026-08-09T18:56:01.363-04:00 NOTICE [metrics] metric=tap-complete duration_us=12655
2026-08-09T18:56:01.373-04:00 NOTICE [metrics] metric=focus-restore duration_us=933 verified=1 stage=fast-path
2026-08-09T18:56:01.636-04:00 NOTICE [metrics] metric=prepare-target duration_us=2246 verified=1 stage=fast-path
2026-08-09T18:56:01.643-04:00 NOTICE [metrics] metric=hid-to-down duration_us=9566
2026-08-09T18:56:01.677-04:00 NOTICE [metrics] metric=tap-complete duration_us=11989
2026-08-09T18:56:01.685-04:00 NOTICE [metrics] metric=focus-restore duration_us=1023 verified=1 stage=fast-path
2026-08-09T18:56:01.988-04:00 NOTICE [metrics] metric=prepare-target duration_us=5078 verified=1 stage=fast-path
2026-08-09T18:56:01.994-04:00 NOTICE [metrics] metric=hid-to-down duration_us=13086
2026-08-09T18:56:02.074-04:00 NOTICE [metrics] metric=tap-complete duration_us=11108
2026-08-09T18:56:02.082-04:00 NOTICE [metrics] metric=focus-restore duration_us=1095 verified=1 stage=fast-path
2026-08-09T18:56:02.368-04:00 NOTICE [metrics] metric=prepare-target duration_us=2356 verified=1 stage=fast-path
2026-08-09T18:56:02.373-04:00 NOTICE [metrics] metric=hid-to-down duration_us=8913
2026-08-09T18:56:02.442-04:00 NOTICE [metrics] metric=tap-complete duration_us=11282
2026-08-09T18:56:02.452-04:00 NOTICE [metrics] metric=focus-restore duration_us=740 verified=1 stage=fast-path
2026-08-09T18:56:02.832-04:00 NOTICE [metrics] metric=prepare-target duration_us=2328 verified=1 stage=fast-path
2026-08-09T18:56:02.838-04:00 NOTICE [metrics] metric=hid-to-down duration_us=9203
2026-08-09T18:56:02.887-04:00 NOTICE [metrics] metric=tap-complete duration_us=11139
2026-08-09T18:56:02.896-04:00 NOTICE [metrics] metric=focus-restore duration_us=1718 verified=1 stage=fast-path
2026-08-09T18:56:03.197-04:00 NOTICE [metrics] metric=prepare-target duration_us=3580 verified=1 stage=fast-path
2026-08-09T18:56:03.203-04:00 NOTICE [metrics] metric=hid-to-down duration_us=10502
2026-08-09T18:56:03.221-04:00 NOTICE [metrics] metric=tap-complete duration_us=12983
2026-08-09T18:56:03.232-04:00 NOTICE [metrics] metric=focus-restore duration_us=1347 verified=1 stage=fast-path
2026-08-09T18:56:03.543-04:00 NOTICE [metrics] metric=prepare-target duration_us=1227 verified=1 stage=fast-path
2026-08-09T18:56:03.549-04:00 NOTICE [metrics] metric=hid-to-down duration_us=7604
2026-08-09T18:56:03.601-04:00 NOTICE [metrics] metric=tap-complete duration_us=10759
2026-08-09T18:56:03.608-04:00 NOTICE [metrics] metric=focus-restore duration_us=1177 verified=1 stage=fast-path
2026-08-09T18:56:03.892-04:00 NOTICE [metrics] metric=prepare-target duration_us=2620 verified=1 stage=fast-path
2026-08-09T18:56:03.898-04:00 NOTICE [metrics] metric=hid-to-down duration_us=9899
2026-08-09T18:56:03.949-04:00 NOTICE [metrics] metric=tap-complete duration_us=11119
2026-08-09T18:56:03.958-04:00 NOTICE [metrics] metric=focus-restore duration_us=942 verified=1 stage=fast-path
2026-08-09T18:56:04.240-04:00 NOTICE [metrics] metric=prepare-target duration_us=2308 verified=1 stage=fast-path
2026-08-09T18:56:04.247-04:00 NOTICE [metrics] metric=hid-to-down duration_us=9536
2026-08-09T18:56:04.282-04:00 NOTICE [metrics] metric=tap-complete duration_us=11984
2026-08-09T18:56:04.290-04:00 NOTICE [metrics] metric=focus-restore duration_us=747 verified=1 stage=fast-path
2026-08-09T18:56:04.525-04:00 NOTICE [metrics] metric=prepare-target duration_us=3020 verified=1 stage=fast-path
2026-08-09T18:56:04.532-04:00 NOTICE [metrics] metric=hid-to-down duration_us=11068
2026-08-09T18:56:04.582-04:00 NOTICE [metrics] metric=tap-complete duration_us=12320
2026-08-09T18:56:04.589-04:00 NOTICE [metrics] metric=focus-restore duration_us=799 verified=1 stage=fast-path
2026-08-09T18:56:05.038-04:00 NOTICE [metrics] metric=prepare-target duration_us=2274 verified=1 stage=fast-path
2026-08-09T18:56:05.045-04:00 NOTICE [metrics] metric=hid-to-down duration_us=9328
2026-08-09T18:56:05.113-04:00 NOTICE [metrics] metric=tap-complete duration_us=12536
2026-08-09T18:56:05.123-04:00 NOTICE [metrics] metric=focus-restore duration_us=1240 verified=1 stage=fast-path
2026-08-09T18:56:05.372-04:00 NOTICE [metrics] metric=prepare-target duration_us=3539 verified=1 stage=fast-path
2026-08-09T18:56:05.379-04:00 NOTICE [metrics] metric=hid-to-down duration_us=11446
2026-08-09T18:56:05.429-04:00 NOTICE [metrics] metric=tap-complete duration_us=12078
2026-08-09T18:56:05.438-04:00 NOTICE [metrics] metric=focus-restore duration_us=448 verified=1 stage=fast-path
2026-08-09T18:56:05.671-04:00 NOTICE [metrics] metric=prepare-target duration_us=4438 verified=1 stage=fast-path
2026-08-09T18:56:05.676-04:00 NOTICE [metrics] metric=hid-to-down duration_us=11157
2026-08-09T18:56:05.727-04:00 NOTICE [metrics] metric=tap-complete duration_us=12530
2026-08-09T18:56:05.735-04:00 NOTICE [metrics] metric=focus-restore duration_us=1061 verified=1 stage=fast-path
2026-08-09T18:56:05.950-04:00 NOTICE [metrics] metric=prepare-target duration_us=1705 verified=1 stage=fast-path
2026-08-09T18:56:05.956-04:00 NOTICE [metrics] metric=hid-to-down duration_us=8636
2026-08-09T18:56:05.990-04:00 NOTICE [metrics] metric=tap-complete duration_us=11065
2026-08-09T18:56:05.998-04:00 NOTICE [metrics] metric=focus-restore duration_us=1062 verified=1 stage=fast-path
2026-08-09T18:56:06.532-04:00 NOTICE [metrics] metric=prepare-target duration_us=2449 verified=1 stage=fast-path
2026-08-09T18:56:06.538-04:00 NOTICE [metrics] metric=hid-to-down duration_us=9612
2026-08-09T18:56:06.588-04:00 NOTICE [metrics] metric=tap-complete duration_us=10451
2026-08-09T18:56:06.596-04:00 NOTICE [metrics] metric=focus-restore duration_us=419 verified=1 stage=fast-path
2026-08-09T18:56:07.094-04:00 NOTICE [metrics] metric=prepare-target duration_us=1729 verified=1 stage=fast-path
2026-08-09T18:56:07.100-04:00 NOTICE [metrics] metric=hid-to-down duration_us=8887
2026-08-09T18:56:07.358-04:00 NOTICE [metrics] metric=tap-complete duration_us=47
2026-08-09T18:56:07.365-04:00 NOTICE [metrics] metric=focus-restore duration_us=377 verified=1 stage=fast-path
2026-08-09T18:56:07.628-04:00 NOTICE [metrics] metric=prepare-target duration_us=2793 verified=1 stage=fast-path
2026-08-09T18:56:07.633-04:00 NOTICE [metrics] metric=hid-to-down duration_us=9715
2026-08-09T18:56:07.688-04:00 NOTICE [metrics] metric=tap-complete duration_us=116
2026-08-09T18:56:07.697-04:00 NOTICE [metrics] metric=focus-restore duration_us=1031 verified=1 stage=fast-path
2026-08-09T18:56:08.040-04:00 NOTICE [metrics] metric=prepare-target duration_us=1890 verified=1 stage=fast-path
2026-08-09T18:56:08.047-04:00 NOTICE [metrics] metric=hid-to-down duration_us=9402
2026-08-09T18:56:08.103-04:00 NOTICE [metrics] metric=tap-complete duration_us=45
2026-08-09T18:56:08.111-04:00 NOTICE [metrics] metric=focus-restore duration_us=501 verified=1 stage=fast-path
2026-08-09T18:56:08.491-04:00 NOTICE [metrics] metric=prepare-target duration_us=3459 verified=1 stage=fast-path
2026-08-09T18:56:08.496-04:00 NOTICE [metrics] metric=hid-to-down duration_us=9920
2026-08-09T18:56:08.684-04:00 NOTICE [metrics] metric=tap-complete duration_us=95
2026-08-09T18:56:08.694-04:00 NOTICE [metrics] metric=focus-restore duration_us=1782 verified=1 stage=fast-path
2026-08-09T18:56:09.488-04:00 NOTICE [metrics] metric=prepare-target duration_us=4714 verified=1 stage=fast-path
2026-08-09T18:56:09.495-04:00 NOTICE [metrics] metric=hid-to-down duration_us=12423
2026-08-09T18:56:09.697-04:00 NOTICE [metrics] metric=tap-complete duration_us=151
2026-08-09T18:56:09.705-04:00 NOTICE [metrics] metric=focus-restore duration_us=704 verified=1 stage=fast-path
2026-08-09T18:56:11.791-04:00 NOTICE [metrics] metric=prepare-target duration_us=50765 verified=1 stage=activate
2026-08-09T18:56:11.792-04:00 NOTICE [metrics] metric=hid-to-down duration_us=70253
2026-08-09T18:56:11.803-04:00 NOTICE [metrics] metric=tap-complete duration_us=32811
2026-08-09T18:56:11.841-04:00 NOTICE [metrics] metric=focus-restore duration_us=31138 verified=1 stage=attr-set
2026-08-09T18:56:12.373-04:00 NOTICE [metrics] metric=prepare-target duration_us=37306 verified=1 stage=activate
2026-08-09T18:56:12.380-04:00 NOTICE [metrics] metric=hid-to-down duration_us=44592
2026-08-09T18:56:12.395-04:00 NOTICE [metrics] metric=tap-complete duration_us=11004
2026-08-09T18:56:12.425-04:00 NOTICE [metrics] metric=focus-restore duration_us=23017 verified=1 stage=attr-set
2026-08-09T18:56:12.938-04:00 NOTICE [metrics] metric=prepare-target duration_us=38098 verified=1 stage=activate
2026-08-09T18:56:12.938-04:00 NOTICE [metrics] metric=hid-to-down duration_us=39042
2026-08-09T18:56:12.949-04:00 NOTICE [metrics] metric=tap-complete duration_us=16563
2026-08-09T18:56:12.964-04:00 NOTICE [metrics] metric=focus-restore duration_us=8106 verified=1 stage=attr-set
2026-08-09T18:56:13.719-04:00 NOTICE [metrics] metric=prepare-target duration_us=38803 verified=1 stage=activate
2026-08-09T18:56:13.719-04:00 NOTICE [metrics] metric=hid-to-down duration_us=40078
2026-08-09T18:56:13.731-04:00 NOTICE [metrics] metric=tap-complete duration_us=15564
2026-08-09T18:56:13.750-04:00 NOTICE [metrics] metric=focus-restore duration_us=12887 verified=1 stage=attr-set
2026-08-09T18:56:14.130-04:00 NOTICE [metrics] metric=prepare-target duration_us=1294 verified=1 stage=fast-path
2026-08-09T18:56:14.137-04:00 NOTICE [metrics] metric=hid-to-down duration_us=8523
2026-08-09T18:56:14.221-04:00 NOTICE [metrics] metric=tap-complete duration_us=11825
2026-08-09T18:56:14.229-04:00 NOTICE [metrics] metric=focus-restore duration_us=1021 verified=1 stage=fast-path
2026-08-09T18:56:14.879-04:00 NOTICE [metrics] metric=prepare-target duration_us=3836 verified=1 stage=fast-path
2026-08-09T18:56:14.885-04:00 NOTICE [metrics] metric=hid-to-down duration_us=10336
2026-08-09T18:56:14.967-04:00 NOTICE [metrics] metric=tap-complete duration_us=11018
2026-08-09T18:56:14.975-04:00 NOTICE [metrics] metric=focus-restore duration_us=1095 verified=1 stage=fast-path
2026-08-09T18:56:15.822-04:00 NOTICE [metrics] metric=prepare-target duration_us=2038 verified=1 stage=fast-path
2026-08-09T18:56:15.827-04:00 NOTICE [metrics] metric=hid-to-down duration_us=8266
2026-08-09T18:56:15.896-04:00 NOTICE [metrics] metric=tap-complete duration_us=11254
2026-08-09T18:56:15.903-04:00 NOTICE [metrics] metric=focus-restore duration_us=854 verified=1 stage=fast-path
2026-08-09T18:56:16.355-04:00 NOTICE [metrics] metric=prepare-target duration_us=2459 verified=1 stage=fast-path
2026-08-09T18:56:16.361-04:00 NOTICE [metrics] metric=hid-to-down duration_us=9749
2026-08-09T18:56:16.427-04:00 NOTICE [metrics] metric=tap-complete duration_us=11066
2026-08-09T18:56:16.436-04:00 NOTICE [metrics] metric=focus-restore duration_us=955 verified=1 stage=fast-path
